<html>
<body>
<pre>
<h1>µVision Build Log</h1>
<h2>Project:</h2>
D:\S1Projects\FPGA\zwt10_plc_arm\zwt10_plc_arm.uvproj
Project File Date:  04/13/2019

<h2>Output:</h2>
Build target 'zwt10_plc_arm'
linking...
Program Size: Code=8396 RO-data=336 RW-data=44 ZI-data=1636  
FromELF: creating hex file...
".\Output\zwt10_plc_arm.axf" - 0 Error(s), 0 Warning(s).
Load "D:\\S1Projects\\FPGA\\zwt10_plc_arm\\Output\\zwt10_plc_arm.axf" 
Erase Done.
Programming Done.
Verify OK.
Application running ...
</pre>
</body>
</html>
SER\drv_plc.c" - 0 Error(s), 0 Warning(s).
f10x_exti.c...
compiling stm32f10x_flash.c...
compiling stm32f10x_fsmc.c...
compiling stm32f10x_gpio.c...
compiling stm32f10x_i2c.c...
compiling stm32f10x_iwdg.c...
compiling stm32f10x_pwr.c...
compiling stm32f10x_rcc.c...
compiling stm32f10x_rtc.c...
compiling stm32f10x_sdio.c...
compiling stm32f10x_spi.c...
compiling stm32f10x_tim.c...
compiling stm32f10x_usart.c...
compiling stm32f10x_wwdg.c...
compiling app_main.c...
USER\app_main.c(3): error:  #5: cannot open source input file "fw_uart232.h": No such file or directory
  #include "fw_uart232.h"
USER\app_main.c: 0 warnings, 1 error
compiling app_plc.c...
compiling bsp.c...
compiling drv_plc.c...
compiling fw_delay.c...
compiling fw_plc_gpio.c...
compiling fw_plc_spi.c...
compiling fw_uart485.c...
compiling main.c...
USER\main.c(20): warning:  #223-D: function "usart232_isr" declared implicitly
          usart232_isr(data);
USER\main.c: 1 warning, 0 errors
".\Output\zwt10_plc_arm.axf" - 1 Error(s), 1 Warning(s).
Target not created
