<html>
<body>
<pre>
<h1>µVision Build Log</h1>
<h2>Tool Versions:</h2>
IDE-Version: ÂµVision V5.26.2.0
Copyright (C) 2018 ARM Ltd and ARM Germany GmbH. All rights reserved.
License Information: Lenovo Lenovo, Lenovo, LIC=8VRJ7-ECUC2-LQX0Q-NHITZ-WGZ97-LS7RH
 
Tool Versions:
Toolchain:       MDK-ARM Plus  Version: 5.26.2.0
Toolchain Path:  D:\F\Code\Keil526\ARM\ARMCC\Bin
C Compiler:      Armcc.exe V5.06 update 6 (build 750)
Assembler:       Armasm.exe V5.06 update 6 (build 750)
Linker/Locator:  ArmLink.exe V5.06 update 6 (build 750)
Library Manager: ArmAr.exe V5.06 update 6 (build 750)
Hex Converter:   FromElf.exe V5.06 update 6 (build 750)
CPU DLL:         SARMCM3.DLL V5.26.2.0
Dialog DLL:      DCM.DLL V1.17.2.0
Target DLL:      Segger\JL2CM3.dll V2.99.31.0
Dialog DLL:      TCM.DLL V1.36.1.0
 
<h2>Project:</h2>
D:\D\Project\P_mac\prm_only\zwt10_plc_arm_epmac5_RET6\zwt10_plc_arm.uvprojx
Project File Date:  04/19/2022

<h2>Output:</h2>
*** Using Compiler 'V5.06 update 6 (build 750)', folder: 'D:\F\Code\Keil526\ARM\ARMCC\Bin'
Rebuild target 'zwt10_plc_arm'
compiling core_cm3.c...
assembling startup_stm32f10x_hd.s...
compiling system_stm32f10x.c...
compiling stm32f10x_dac.c...
compiling stm32f10x_fsmc.c...
compiling stm32f10x_exti.c...
compiling misc.c...
compiling stm32f10x_dbgmcu.c...
compiling stm32f10x_adc.c...
compiling stm32f10x_crc.c...
compiling stm32f10x_dma.c...
compiling stm32f10x_cec.c...
compiling stm32f10x_flash.c...
compiling stm32f10x_gpio.c...
compiling stm32f10x_can.c...
compiling stm32f10x_bkp.c...
compiling stm32f10x_i2c.c...
compiling stm32f10x_iwdg.c...
compiling stm32f10x_pwr.c...
compiling stm32f10x_rtc.c...
compiling stm32f10x_rcc.c...
compiling stm32f10x_spi.c...
compiling stm32f10x_wwdg.c...
compiling stm32f10x_sdio.c...
compiling stm32f10x_usart.c...
compiling main.c...
compiling stm32f10x_tim.c...
compiling app_plc.c...
compiling app_main.c...
compiling bsp.c...
compiling fw_delay.c...
compiling fw_plc_gpio.c...
compiling fw_plc_spi.c...
compiling fw_uart485.c...
compiling fw_led_gpio.c...
compiling fw_afe_gpio.c...
compiling fw_flash_spi.c...
compiling fw_rtc_iic.c...
compiling fw_timer.c...
compiling drv_flash.c...
compiling drv_uart485.c...
compiling drv_plc.c...
compiling drv_rtc.c...
compiling thread_devrst.c...
compiling thread_devcfg.c...
compiling thread_chnchk.c...
compiling thread_mtrd.c...
compiling thread_mtrdsch.c...
compiling thread_pte.c...
compiling thread_tquery.c...
compiling thread_nconfig.c...
compiling thread_idalloc.c...
compiling thread_route.c...
compiling thread_simu.c...
compiling thread_pmac.c...
linking...
Program Size: Code=37196 RO-data=336 RW-data=296 ZI-data=63504  
FromELF: creating hex file...
".\Output\zwt10_plc_arm.axf" - 0 Error(s), 0 Warning(s).

<h2>Software Packages used:</h2>

Package Vendor: ARM
                http://www.keil.com/pack/ARM.CMSIS.5.4.0.pack
                ARM.CMSIS.5.4.0
                CMSIS (Cortex Microcontroller Software Interface Standard)
   * Component: CORE Version: 5.1.2

Package Vendor: Keil
                http://www.keil.com/pack/Keil.STM32F1xx_DFP.2.3.0.pack
                Keil.STM32F1xx_DFP.2.3.0
                STMicroelectronics STM32F1 Series Device Support, Drivers and Examples

<h2>Collection of Component include folders:</h2>
  .\RTE\_zwt10_plc_arm
  D:\F\Code\Keil526\ARM\PACK\ARM\CMSIS\5.4.0\CMSIS\Core\Include
  D:\F\Code\Keil526\ARM\PACK\Keil\STM32F1xx_DFP\2.3.0\Device\Include

<h2>Collection of Component Files used:</h2>

   * Component: ARM::CMSIS:CORE:5.1.2
Build Time Elapsed:  00:00:05
</pre>
</body>
</html>
